Archive member included to satisfy reference by file (symbol)

c:/program files (x86)/atmel/studio/7.0/toolchain/avr8/avr8-gnu-toolchain/bin/../lib/gcc/avr/5.4.0/../../../../avr/lib/avr5\libm.a(cmpsf2.o)
                              APP/main.o (__ltsf2)
c:/program files (x86)/atmel/studio/7.0/toolchain/avr8/avr8-gnu-toolchain/bin/../lib/gcc/avr/5.4.0/../../../../avr/lib/avr5\libm.a(fixunssfsi.o)
                              APP/main.o (__fixunssfsi)
c:/program files (x86)/atmel/studio/7.0/toolchain/avr8/avr8-gnu-toolchain/bin/../lib/gcc/avr/5.4.0/../../../../avr/lib/avr5\libm.a(floatsisf.o)
                              APP/main.o (__floatunsisf)
c:/program files (x86)/atmel/studio/7.0/toolchain/avr8/avr8-gnu-toolchain/bin/../lib/gcc/avr/5.4.0/../../../../avr/lib/avr5\libm.a(fp_cmp.o)
                              c:/program files (x86)/atmel/studio/7.0/toolchain/avr8/avr8-gnu-toolchain/bin/../lib/gcc/avr/5.4.0/../../../../avr/lib/avr5\libm.a(cmpsf2.o) (__fp_cmp)
c:/program files (x86)/atmel/studio/7.0/toolchain/avr8/avr8-gnu-toolchain/bin/../lib/gcc/avr/5.4.0/../../../../avr/lib/avr5\libm.a(fp_split3.o)
                              c:/program files (x86)/atmel/studio/7.0/toolchain/avr8/avr8-gnu-toolchain/bin/../lib/gcc/avr/5.4.0/../../../../avr/lib/avr5\libm.a(fixunssfsi.o) (__fp_splitA)
c:/program files (x86)/atmel/studio/7.0/toolchain/avr8/avr8-gnu-toolchain/bin/../lib/gcc/avr/5.4.0/../../../../avr/lib/avr5\libm.a(fp_zero.o)
                              c:/program files (x86)/atmel/studio/7.0/toolchain/avr8/avr8-gnu-toolchain/bin/../lib/gcc/avr/5.4.0/../../../../avr/lib/avr5\libm.a(fixunssfsi.o) (__fp_zero)
c:/program files (x86)/atmel/studio/7.0/toolchain/avr8/avr8-gnu-toolchain/bin/../lib/gcc/avr/5.4.0/../../../../avr/lib/avr5\libm.a(gesf2.o)
                              APP/main.o (__gesf2)
c:/program files (x86)/atmel/studio/7.0/toolchain/avr8/avr8-gnu-toolchain/bin/../lib/gcc/avr/5.4.0/../../../../avr/lib/avr5\libm.a(mulsf3.o)
                              APP/main.o (__mulsf3)
c:/program files (x86)/atmel/studio/7.0/toolchain/avr8/avr8-gnu-toolchain/bin/../lib/gcc/avr/5.4.0/../../../../avr/lib/avr5\libm.a(mulsf3x.o)
                              c:/program files (x86)/atmel/studio/7.0/toolchain/avr8/avr8-gnu-toolchain/bin/../lib/gcc/avr/5.4.0/../../../../avr/lib/avr5\libm.a(mulsf3.o) (__mulsf3x)
c:/program files (x86)/atmel/studio/7.0/toolchain/avr8/avr8-gnu-toolchain/bin/../lib/gcc/avr/5.4.0/../../../../avr/lib/avr5\libm.a(fp_inf.o)
                              c:/program files (x86)/atmel/studio/7.0/toolchain/avr8/avr8-gnu-toolchain/bin/../lib/gcc/avr/5.4.0/../../../../avr/lib/avr5\libm.a(mulsf3x.o) (__fp_inf)
c:/program files (x86)/atmel/studio/7.0/toolchain/avr8/avr8-gnu-toolchain/bin/../lib/gcc/avr/5.4.0/../../../../avr/lib/avr5\libm.a(fp_nan.o)
                              c:/program files (x86)/atmel/studio/7.0/toolchain/avr8/avr8-gnu-toolchain/bin/../lib/gcc/avr/5.4.0/../../../../avr/lib/avr5\libm.a(mulsf3x.o) (__fp_nan)
c:/program files (x86)/atmel/studio/7.0/toolchain/avr8/avr8-gnu-toolchain/bin/../lib/gcc/avr/5.4.0/../../../../avr/lib/avr5\libm.a(fp_pscA.o)
                              c:/program files (x86)/atmel/studio/7.0/toolchain/avr8/avr8-gnu-toolchain/bin/../lib/gcc/avr/5.4.0/../../../../avr/lib/avr5\libm.a(mulsf3x.o) (__fp_pscA)
c:/program files (x86)/atmel/studio/7.0/toolchain/avr8/avr8-gnu-toolchain/bin/../lib/gcc/avr/5.4.0/../../../../avr/lib/avr5\libm.a(fp_pscB.o)
                              c:/program files (x86)/atmel/studio/7.0/toolchain/avr8/avr8-gnu-toolchain/bin/../lib/gcc/avr/5.4.0/../../../../avr/lib/avr5\libm.a(mulsf3x.o) (__fp_pscB)
c:/program files (x86)/atmel/studio/7.0/toolchain/avr8/avr8-gnu-toolchain/bin/../lib/gcc/avr/5.4.0/../../../../avr/lib/avr5\libm.a(fp_round.o)
                              c:/program files (x86)/atmel/studio/7.0/toolchain/avr8/avr8-gnu-toolchain/bin/../lib/gcc/avr/5.4.0/../../../../avr/lib/avr5\libm.a(mulsf3.o) (__fp_round)
c:/program files (x86)/atmel/studio/7.0/toolchain/avr8/avr8-gnu-toolchain/bin/../lib/gcc/avr/5.4.0/avr5\libgcc.a(_udivmodhi4.o)
                              MCAL/RTOS/Kernel_interface.o (__udivmodhi4)
c:/program files (x86)/atmel/studio/7.0/toolchain/avr8/avr8-gnu-toolchain/bin/../lib/gcc/avr/5.4.0/avr5\libgcc.a(_udivmodsi4.o)
                              HAL/LCD/LCD_prog.o (__udivmodsi4)
c:/program files (x86)/atmel/studio/7.0/toolchain/avr8/avr8-gnu-toolchain/bin/../lib/gcc/avr/5.4.0/avr5\libgcc.a(_exit.o)
                              C:/Program Files (x86)/Atmel/Studio/7.0/Packs/atmel/ATmega_DFP/1.7.374/gcc/dev/atmega32/avr5/crtatmega32.o (exit)
c:/program files (x86)/atmel/studio/7.0/toolchain/avr8/avr8-gnu-toolchain/bin/../lib/gcc/avr/5.4.0/avr5\libgcc.a(_copy_data.o)
                              APP/main.o (__do_copy_data)
c:/program files (x86)/atmel/studio/7.0/toolchain/avr8/avr8-gnu-toolchain/bin/../lib/gcc/avr/5.4.0/avr5\libgcc.a(_clear_bss.o)
                              APP/main.o (__do_clear_bss)
c:/program files (x86)/atmel/studio/7.0/toolchain/avr8/avr8-gnu-toolchain/bin/../lib/gcc/avr/5.4.0/../../../../avr/lib/avr5\libc.a(memcpy.o)
                              MCAL/FreeRtos/queue.o (memcpy)

Allocating common symbols
Common symbol       size              file

semaphore           0x2               APP/main.o
queue2              0x2               APP/main.o
queue1              0x2               APP/main.o

Discarded input sections

 .data          0x00000000        0x0 C:/Program Files (x86)/Atmel/Studio/7.0/Packs/atmel/ATmega_DFP/1.7.374/gcc/dev/atmega32/avr5/crtatmega32.o
 .bss           0x00000000        0x0 C:/Program Files (x86)/Atmel/Studio/7.0/Packs/atmel/ATmega_DFP/1.7.374/gcc/dev/atmega32/avr5/crtatmega32.o
 .text          0x00000000        0x0 APP/main.o
 .data          0x00000000        0x0 APP/main.o
 .bss           0x00000000        0x0 APP/main.o
 .text          0x00000000        0x0 HAL/DCMOTOR/DCMOTOR_prog.o
 .data          0x00000000        0x0 HAL/DCMOTOR/DCMOTOR_prog.o
 .bss           0x00000000        0x0 HAL/DCMOTOR/DCMOTOR_prog.o
 .text.DCMOTOR_voidF
                0x00000000       0x7a HAL/DCMOTOR/DCMOTOR_prog.o
 .text.DCMOTOR_voidV
                0x00000000       0x7a HAL/DCMOTOR/DCMOTOR_prog.o
 .text.DCMOTOR_voidS
                0x00000000       0x7a HAL/DCMOTOR/DCMOTOR_prog.o
 .text.DCMOTOR_voidR
                0x00000000       0x7a HAL/DCMOTOR/DCMOTOR_prog.o
 .text.DCMOTOR_voidL
                0x00000000       0x7a HAL/DCMOTOR/DCMOTOR_prog.o
 .debug_info    0x00000000      0x7c9 HAL/DCMOTOR/DCMOTOR_prog.o
 .debug_abbrev  0x00000000       0x71 HAL/DCMOTOR/DCMOTOR_prog.o
 .debug_aranges
                0x00000000       0x40 HAL/DCMOTOR/DCMOTOR_prog.o
 .debug_ranges  0x00000000       0x30 HAL/DCMOTOR/DCMOTOR_prog.o
 .debug_line    0x00000000      0x226 HAL/DCMOTOR/DCMOTOR_prog.o
 .debug_str     0x00000000      0x1e5 HAL/DCMOTOR/DCMOTOR_prog.o
 .comment       0x00000000       0x31 HAL/DCMOTOR/DCMOTOR_prog.o
 .debug_frame   0x00000000       0x64 HAL/DCMOTOR/DCMOTOR_prog.o
 .text          0x00000000        0x0 HAL/KEYPAD/KEYPAD_prog.o
 .data          0x00000000        0x0 HAL/KEYPAD/KEYPAD_prog.o
 .bss           0x00000000        0x0 HAL/KEYPAD/KEYPAD_prog.o
 .text.KEYPAD_voidInit
                0x00000000       0xa6 HAL/KEYPAD/KEYPAD_prog.o
 .text.KEYPAD_u8GetKey
                0x00000000       0xe6 HAL/KEYPAD/KEYPAD_prog.o
 .data.keypad_arr
                0x00000000       0x10 HAL/KEYPAD/KEYPAD_prog.o
 .debug_info    0x00000000      0x27c HAL/KEYPAD/KEYPAD_prog.o
 .debug_abbrev  0x00000000       0xdb HAL/KEYPAD/KEYPAD_prog.o
 .debug_loc     0x00000000      0x1e8 HAL/KEYPAD/KEYPAD_prog.o
 .debug_aranges
                0x00000000       0x28 HAL/KEYPAD/KEYPAD_prog.o
 .debug_ranges  0x00000000       0x18 HAL/KEYPAD/KEYPAD_prog.o
 .debug_line    0x00000000      0x18b HAL/KEYPAD/KEYPAD_prog.o
 .debug_str     0x00000000      0x20a HAL/KEYPAD/KEYPAD_prog.o
 .comment       0x00000000       0x31 HAL/KEYPAD/KEYPAD_prog.o
 .debug_frame   0x00000000       0x8c HAL/KEYPAD/KEYPAD_prog.o
 .text          0x00000000        0x0 HAL/LCD/LCD_prog.o
 .data          0x00000000        0x0 HAL/LCD/LCD_prog.o
 .bss           0x00000000        0x0 HAL/LCD/LCD_prog.o
 .text.LCD_voidDrawData
                0x00000000       0x54 HAL/LCD/LCD_prog.o
 .text          0x00000000        0x0 MCAL/ADC/ADC_prog.o
 .data          0x00000000        0x0 MCAL/ADC/ADC_prog.o
 .bss           0x00000000        0x0 MCAL/ADC/ADC_prog.o
 .text          0x00000000        0x0 MCAL/DIO/DIO_prog.o
 .data          0x00000000        0x0 MCAL/DIO/DIO_prog.o
 .bss           0x00000000        0x0 MCAL/DIO/DIO_prog.o
 .text.DIO_voidTogglePinVal
                0x00000000       0x68 MCAL/DIO/DIO_prog.o
 .text.DIO_u8ReadpinVal
                0x00000000       0x5c MCAL/DIO/DIO_prog.o
 .text.DIO_voidSetPortVal
                0x00000000       0x20 MCAL/DIO/DIO_prog.o
 .text          0x00000000        0x0 MCAL/EXTI/EXTI_prg.o
 .data          0x00000000        0x0 MCAL/EXTI/EXTI_prg.o
 .bss           0x00000000        0x0 MCAL/EXTI/EXTI_prg.o
 .text.EXTI_voidInit
                0x00000000       0xb6 MCAL/EXTI/EXTI_prg.o
 .text.EXTI0_voidEnable
                0x00000000        0x8 MCAL/EXTI/EXTI_prg.o
 .text.EXTI0_voidDisable
                0x00000000        0x8 MCAL/EXTI/EXTI_prg.o
 .text.EXTI1_voidEnable
                0x00000000        0x8 MCAL/EXTI/EXTI_prg.o
 .text.EXTI1_voidDisable
                0x00000000        0x8 MCAL/EXTI/EXTI_prg.o
 .text.EXTI2_voidEnable
                0x00000000        0x8 MCAL/EXTI/EXTI_prg.o
 .text.EXTI2_voidDisable
                0x00000000        0x8 MCAL/EXTI/EXTI_prg.o
 .text.EXTI_voidSetCallBack
                0x00000000       0x2a MCAL/EXTI/EXTI_prg.o
 .text          0x00000000        0x0 MCAL/FreeRtos/heap_2.o
 .data          0x00000000        0x0 MCAL/FreeRtos/heap_2.o
 .bss           0x00000000        0x0 MCAL/FreeRtos/heap_2.o
 .text.xPortGetFreeHeapSize
                0x00000000        0xa MCAL/FreeRtos/heap_2.o
 .text.vPortInitialiseBlocks
                0x00000000        0x2 MCAL/FreeRtos/heap_2.o
 .text          0x00000000        0x0 MCAL/FreeRtos/list.o
 .data          0x00000000        0x0 MCAL/FreeRtos/list.o
 .bss           0x00000000        0x0 MCAL/FreeRtos/list.o
 .text          0x00000000        0x0 MCAL/FreeRtos/port.o
 .data          0x00000000        0x0 MCAL/FreeRtos/port.o
 .bss           0x00000000        0x0 MCAL/FreeRtos/port.o
 .text.vPortEndScheduler
                0x00000000        0x2 MCAL/FreeRtos/port.o
 .text          0x00000000        0x0 MCAL/FreeRtos/queue.o
 .data          0x00000000        0x0 MCAL/FreeRtos/queue.o
 .bss           0x00000000        0x0 MCAL/FreeRtos/queue.o
 .text.prvInitialiseMutex
                0x00000000       0x20 MCAL/FreeRtos/queue.o
 .text.xQueueCreateMutex
                0x00000000       0x1c MCAL/FreeRtos/queue.o
 .text.xQueueGenericSendFromISR
                0x00000000       0x74 MCAL/FreeRtos/queue.o
 .text.xQueueGiveFromISR
                0x00000000       0x52 MCAL/FreeRtos/queue.o
 .text.xQueueReceiveFromISR
                0x00000000       0x6e MCAL/FreeRtos/queue.o
 .text.xQueuePeekFromISR
                0x00000000       0x2e MCAL/FreeRtos/queue.o
 .text.uxQueueMessagesWaiting
                0x00000000       0x10 MCAL/FreeRtos/queue.o
 .text.uxQueueSpacesAvailable
                0x00000000       0x16 MCAL/FreeRtos/queue.o
 .text.uxQueueMessagesWaitingFromISR
                0x00000000        0x6 MCAL/FreeRtos/queue.o
 .text.vQueueDelete
                0x00000000        0x6 MCAL/FreeRtos/queue.o
 .text.xQueueIsQueueEmptyFromISR
                0x00000000       0x10 MCAL/FreeRtos/queue.o
 .text.xQueueIsQueueFullFromISR
                0x00000000       0x12 MCAL/FreeRtos/queue.o
 .text.xQueueCRSend
                0x00000000       0x80 MCAL/FreeRtos/queue.o
 .text.xQueueCRReceive
                0x00000000       0x92 MCAL/FreeRtos/queue.o
 .text.xQueueCRSendFromISR
                0x00000000       0x4c MCAL/FreeRtos/queue.o
 .text.xQueueCRReceiveFromISR
                0x00000000       0x82 MCAL/FreeRtos/queue.o
 .text          0x00000000        0x0 MCAL/FreeRtos/tasks.o
 .data          0x00000000        0x0 MCAL/FreeRtos/tasks.o
 .bss           0x00000000        0x0 MCAL/FreeRtos/tasks.o
 .text.prvTaskIsTaskSuspended
                0x00000000       0x2e MCAL/FreeRtos/tasks.o
 .text.vTaskDelete
                0x00000000       0xa2 MCAL/FreeRtos/tasks.o
 .text.vTaskPrioritySet
                0x00000000       0xfc MCAL/FreeRtos/tasks.o
 .text.vTaskResume
                0x00000000       0x84 MCAL/FreeRtos/tasks.o
 .text.xTaskResumeFromISR
                0x00000000       0x90 MCAL/FreeRtos/tasks.o
 .text.vTaskEndScheduler
                0x00000000        0xc MCAL/FreeRtos/tasks.o
 .text.xTaskGetTickCount
                0x00000000       0x14 MCAL/FreeRtos/tasks.o
 .text.xTaskGetTickCountFromISR
                0x00000000        0xa MCAL/FreeRtos/tasks.o
 .text.uxTaskGetNumberOfTasks
                0x00000000        0x6 MCAL/FreeRtos/tasks.o
 .text.pcTaskGetName
                0x00000000       0x10 MCAL/FreeRtos/tasks.o
 .text.vTaskDelayUntil
                0x00000000       0x82 MCAL/FreeRtos/tasks.o
 .text.vTaskSuspend
                0x00000000       0x9c MCAL/FreeRtos/tasks.o
 .text.vTaskPlaceOnUnorderedEventList
                0x00000000       0x32 MCAL/FreeRtos/tasks.o
 .text.xTaskRemoveFromUnorderedEventList
                0x00000000       0x74 MCAL/FreeRtos/tasks.o
 .text.xTaskGetCurrentTaskHandle
                0x00000000        0xa MCAL/FreeRtos/tasks.o
 .text.uxTaskResetEventItemValue
                0x00000000       0x2e MCAL/FreeRtos/tasks.o
 .text.ulTaskNotifyTake
                0x00000000       0xae MCAL/FreeRtos/tasks.o
 .text.xTaskNotifyWait
                0x00000000      0x108 MCAL/FreeRtos/tasks.o
 .text.xTaskGenericNotify
                0x00000000      0x10a MCAL/FreeRtos/tasks.o
 .text.xTaskGenericNotifyFromISR
                0x00000000      0x130 MCAL/FreeRtos/tasks.o
 .text.vTaskNotifyGiveFromISR
                0x00000000       0xb6 MCAL/FreeRtos/tasks.o
 .text.xTaskNotifyStateClear
                0x00000000       0x28 MCAL/FreeRtos/tasks.o
 .text          0x00000000        0x0 MCAL/GI/GI_prog.o
 .data          0x00000000        0x0 MCAL/GI/GI_prog.o
 .bss           0x00000000        0x0 MCAL/GI/GI_prog.o
 .text.GI_voidEnable
                0x00000000        0x8 MCAL/GI/GI_prog.o
 .text.GI_voidDisable
                0x00000000        0x8 MCAL/GI/GI_prog.o
 .debug_info    0x00000000       0xa6 MCAL/GI/GI_prog.o
 .debug_abbrev  0x00000000       0x46 MCAL/GI/GI_prog.o
 .debug_aranges
                0x00000000       0x28 MCAL/GI/GI_prog.o
 .debug_ranges  0x00000000       0x18 MCAL/GI/GI_prog.o
 .debug_line    0x00000000       0x81 MCAL/GI/GI_prog.o
 .debug_str     0x00000000      0x18f MCAL/GI/GI_prog.o
 .comment       0x00000000       0x31 MCAL/GI/GI_prog.o
 .debug_frame   0x00000000       0x34 MCAL/GI/GI_prog.o
 .text          0x00000000        0x0 MCAL/RTOS/Kernel_interface.o
 .data          0x00000000        0x0 MCAL/RTOS/Kernel_interface.o
 .bss           0x00000000        0x0 MCAL/RTOS/Kernel_interface.o
 .text.Kernel_voidSchdulerALO
                0x00000000       0x8a MCAL/RTOS/Kernel_interface.o
 .text.Kernel_voidCreateTask
                0x00000000       0x3e MCAL/RTOS/Kernel_interface.o
 .text.Kernel_voidStart
                0x00000000       0x12 MCAL/RTOS/Kernel_interface.o
 .text.Kernel_voidDeletTask
                0x00000000       0x1c MCAL/RTOS/Kernel_interface.o
 .text.Kernel_voidSuspendTask
                0x00000000       0x1a MCAL/RTOS/Kernel_interface.o
 .text.Kernel_voidResumeTask
                0x00000000       0x1c MCAL/RTOS/Kernel_interface.o
 .bss.count.1617
                0x00000000        0x2 MCAL/RTOS/Kernel_interface.o
 .bss.TASK_ARR  0x00000000        0xf MCAL/RTOS/Kernel_interface.o
 .debug_info    0x00000000      0x25d MCAL/RTOS/Kernel_interface.o
 .debug_abbrev  0x00000000      0x13f MCAL/RTOS/Kernel_interface.o
 .debug_loc     0x00000000      0x10d MCAL/RTOS/Kernel_interface.o
 .debug_aranges
                0x00000000       0x48 MCAL/RTOS/Kernel_interface.o
 .debug_ranges  0x00000000       0x38 MCAL/RTOS/Kernel_interface.o
 .debug_line    0x00000000      0x185 MCAL/RTOS/Kernel_interface.o
 .debug_str     0x00000000      0x276 MCAL/RTOS/Kernel_interface.o
 .comment       0x00000000       0x31 MCAL/RTOS/Kernel_interface.o
 .debug_frame   0x00000000       0x7c MCAL/RTOS/Kernel_interface.o
 .text          0x00000000        0x0 MCAL/TIMER0/TIMER0_prog.o
 .data          0x00000000        0x0 MCAL/TIMER0/TIMER0_prog.o
 .bss           0x00000000        0x0 MCAL/TIMER0/TIMER0_prog.o
 .text.TIMER0_voidInit
                0x00000000       0x40 MCAL/TIMER0/TIMER0_prog.o
 .text.TIMER0_voidSetCallBack
                0x00000000       0x1e MCAL/TIMER0/TIMER0_prog.o
 .text          0x00000000        0x0 MCAL/UART/UART_prog.o
 .data          0x00000000        0x0 MCAL/UART/UART_prog.o
 .bss           0x00000000        0x0 MCAL/UART/UART_prog.o
 .text.UART_voidTX
                0x00000000        0x8 MCAL/UART/UART_prog.o
 .text          0x00000000        0x0 c:/program files (x86)/atmel/studio/7.0/toolchain/avr8/avr8-gnu-toolchain/bin/../lib/gcc/avr/5.4.0/../../../../avr/lib/avr5\libm.a(cmpsf2.o)
 .data          0x00000000        0x0 c:/program files (x86)/atmel/studio/7.0/toolchain/avr8/avr8-gnu-toolchain/bin/../lib/gcc/avr/5.4.0/../../../../avr/lib/avr5\libm.a(cmpsf2.o)
 .bss           0x00000000        0x0 c:/program files (x86)/atmel/studio/7.0/toolchain/avr8/avr8-gnu-toolchain/bin/../lib/gcc/avr/5.4.0/../../../../avr/lib/avr5\libm.a(cmpsf2.o)
 .text          0x00000000        0x0 c:/program files (x86)/atmel/studio/7.0/toolchain/avr8/avr8-gnu-toolchain/bin/../lib/gcc/avr/5.4.0/../../../../avr/lib/avr5\libm.a(fixunssfsi.o)
 .data          0x00000000        0x0 c:/program files (x86)/atmel/studio/7.0/toolchain/avr8/avr8-gnu-toolchain/bin/../lib/gcc/avr/5.4.0/../../../../avr/lib/avr5\libm.a(fixunssfsi.o)
 .bss           0x00000000        0x0 c:/program files (x86)/atmel/studio/7.0/toolchain/avr8/avr8-gnu-toolchain/bin/../lib/gcc/avr/5.4.0/../../../../avr/lib/avr5\libm.a(fixunssfsi.o)
 .text          0x00000000        0x0 c:/program files (x86)/atmel/studio/7.0/toolchain/avr8/avr8-gnu-toolchain/bin/../lib/gcc/avr/5.4.0/../../../../avr/lib/avr5\libm.a(floatsisf.o)
 .data          0x00000000        0x0 c:/program files (x86)/atmel/studio/7.0/toolchain/avr8/avr8-gnu-toolchain/bin/../lib/gcc/avr/5.4.0/../../../../avr/lib/avr5\libm.a(floatsisf.o)
 .bss           0x00000000        0x0 c:/program files (x86)/atmel/studio/7.0/toolchain/avr8/avr8-gnu-toolchain/bin/../lib/gcc/avr/5.4.0/../../../../avr/lib/avr5\libm.a(floatsisf.o)
 .text          0x00000000        0x0 c:/program files (x86)/atmel/studio/7.0/toolchain/avr8/avr8-gnu-toolchain/bin/../lib/gcc/avr/5.4.0/../../../../avr/lib/avr5\libm.a(fp_cmp.o)
 .data          0x00000000        0x0 c:/program files (x86)/atmel/studio/7.0/toolchain/avr8/avr8-gnu-toolchain/bin/../lib/gcc/avr/5.4.0/../../../../avr/lib/avr5\libm.a(fp_cmp.o)
 .bss           0x00000000        0x0 c:/program files (x86)/atmel/studio/7.0/toolchain/avr8/avr8-gnu-toolchain/bin/../lib/gcc/avr/5.4.0/../../../../avr/lib/avr5\libm.a(fp_cmp.o)
 .text          0x00000000        0x0 c:/program files (x86)/atmel/studio/7.0/toolchain/avr8/avr8-gnu-toolchain/bin/../lib/gcc/avr/5.4.0/../../../../avr/lib/avr5\libm.a(fp_split3.o)
 .data          0x00000000        0x0 c:/program files (x86)/atmel/studio/7.0/toolchain/avr8/avr8-gnu-toolchain/bin/../lib/gcc/avr/5.4.0/../../../../avr/lib/avr5\libm.a(fp_split3.o)
 .bss           0x00000000        0x0 c:/program files (x86)/atmel/studio/7.0/toolchain/avr8/avr8-gnu-toolchain/bin/../lib/gcc/avr/5.4.0/../../../../avr/lib/avr5\libm.a(fp_split3.o)
 .text          0x00000000        0x0 c:/program files (x86)/atmel/studio/7.0/toolchain/avr8/avr8-gnu-toolchain/bin/../lib/gcc/avr/5.4.0/../../../../avr/lib/avr5\libm.a(fp_zero.o)
 .data          0x00000000        0x0 c:/program files (x86)/atmel/studio/7.0/toolchain/avr8/avr8-gnu-toolchain/bin/../lib/gcc/avr/5.4.0/../../../../avr/lib/avr5\libm.a(fp_zero.o)
 .bss           0x00000000        0x0 c:/program files (x86)/atmel/studio/7.0/toolchain/avr8/avr8-gnu-toolchain/bin/../lib/gcc/avr/5.4.0/../../../../avr/lib/avr5\libm.a(fp_zero.o)
 .text          0x00000000        0x0 c:/program files (x86)/atmel/studio/7.0/toolchain/avr8/avr8-gnu-toolchain/bin/../lib/gcc/avr/5.4.0/../../../../avr/lib/avr5\libm.a(gesf2.o)
 .data          0x00000000        0x0 c:/program files (x86)/atmel/studio/7.0/toolchain/avr8/avr8-gnu-toolchain/bin/../lib/gcc/avr/5.4.0/../../../../avr/lib/avr5\libm.a(gesf2.o)
 .bss           0x00000000        0x0 c:/program files (x86)/atmel/studio/7.0/toolchain/avr8/avr8-gnu-toolchain/bin/../lib/gcc/avr/5.4.0/../../../../avr/lib/avr5\libm.a(gesf2.o)
 .text          0x00000000        0x0 c:/program files (x86)/atmel/studio/7.0/toolchain/avr8/avr8-gnu-toolchain/bin/../lib/gcc/avr/5.4.0/../../../../avr/lib/avr5\libm.a(mulsf3.o)
 .data          0x00000000        0x0 c:/program files (x86)/atmel/studio/7.0/toolchain/avr8/avr8-gnu-toolchain/bin/../lib/gcc/avr/5.4.0/../../../../avr/lib/avr5\libm.a(mulsf3.o)
 .bss           0x00000000        0x0 c:/program files (x86)/atmel/studio/7.0/toolchain/avr8/avr8-gnu-toolchain/bin/../lib/gcc/avr/5.4.0/../../../../avr/lib/avr5\libm.a(mulsf3.o)
 .text          0x00000000        0x0 c:/program files (x86)/atmel/studio/7.0/toolchain/avr8/avr8-gnu-toolchain/bin/../lib/gcc/avr/5.4.0/../../../../avr/lib/avr5\libm.a(mulsf3x.o)
 .data          0x00000000        0x0 c:/program files (x86)/atmel/studio/7.0/toolchain/avr8/avr8-gnu-toolchain/bin/../lib/gcc/avr/5.4.0/../../../../avr/lib/avr5\libm.a(mulsf3x.o)
 .bss           0x00000000        0x0 c:/program files (x86)/atmel/studio/7.0/toolchain/avr8/avr8-gnu-toolchain/bin/../lib/gcc/avr/5.4.0/../../../../avr/lib/avr5\libm.a(mulsf3x.o)
 .text          0x00000000        0x0 c:/program files (x86)/atmel/studio/7.0/toolchain/avr8/avr8-gnu-toolchain/bin/../lib/gcc/avr/5.4.0/../../../../avr/lib/avr5\libm.a(fp_inf.o)
 .data          0x00000000        0x0 c:/program files (x86)/atmel/studio/7.0/toolchain/avr8/avr8-gnu-toolchain/bin/../lib/gcc/avr/5.4.0/../../../../avr/lib/avr5\libm.a(fp_inf.o)
 .bss           0x00000000        0x0 c:/program files (x86)/atmel/studio/7.0/toolchain/avr8/avr8-gnu-toolchain/bin/../lib/gcc/avr/5.4.0/../../../../avr/lib/avr5\libm.a(fp_inf.o)
 .text          0x00000000        0x0 c:/program files (x86)/atmel/studio/7.0/toolchain/avr8/avr8-gnu-toolchain/bin/../lib/gcc/avr/5.4.0/../../../../avr/lib/avr5\libm.a(fp_nan.o)
 .data          0x00000000        0x0 c:/program files (x86)/atmel/studio/7.0/toolchain/avr8/avr8-gnu-toolchain/bin/../lib/gcc/avr/5.4.0/../../../../avr/lib/avr5\libm.a(fp_nan.o)
 .bss           0x00000000        0x0 c:/program files (x86)/atmel/studio/7.0/toolchain/avr8/avr8-gnu-toolchain/bin/../lib/gcc/avr/5.4.0/../../../../avr/lib/avr5\libm.a(fp_nan.o)
 .text          0x00000000        0x0 c:/program files (x86)/atmel/studio/7.0/toolchain/avr8/avr8-gnu-toolchain/bin/../lib/gcc/avr/5.4.0/../../../../avr/lib/avr5\libm.a(fp_pscA.o)
 .data          0x00000000        0x0 c:/program files (x86)/atmel/studio/7.0/toolchain/avr8/avr8-gnu-toolchain/bin/../lib/gcc/avr/5.4.0/../../../../avr/lib/avr5\libm.a(fp_pscA.o)
 .bss           0x00000000        0x0 c:/program files (x86)/atmel/studio/7.0/toolchain/avr8/avr8-gnu-toolchain/bin/../lib/gcc/avr/5.4.0/../../../../avr/lib/avr5\libm.a(fp_pscA.o)
 .text          0x00000000        0x0 c:/program files (x86)/atmel/studio/7.0/toolchain/avr8/avr8-gnu-toolchain/bin/../lib/gcc/avr/5.4.0/../../../../avr/lib/avr5\libm.a(fp_pscB.o)
 .data          0x00000000        0x0 c:/program files (x86)/atmel/studio/7.0/toolchain/avr8/avr8-gnu-toolchain/bin/../lib/gcc/avr/5.4.0/../../../../avr/lib/avr5\libm.a(fp_pscB.o)
 .bss           0x00000000        0x0 c:/program files (x86)/atmel/studio/7.0/toolchain/avr8/avr8-gnu-toolchain/bin/../lib/gcc/avr/5.4.0/../../../../avr/lib/avr5\libm.a(fp_pscB.o)
 .text          0x00000000        0x0 c:/program files (x86)/atmel/studio/7.0/toolchain/avr8/avr8-gnu-toolchain/bin/../lib/gcc/avr/5.4.0/../../../../avr/lib/avr5\libm.a(fp_round.o)
 .data          0x00000000        0x0 c:/program files (x86)/atmel/studio/7.0/toolchain/avr8/avr8-gnu-toolchain/bin/../lib/gcc/avr/5.4.0/../../../../avr/lib/avr5\libm.a(fp_round.o)
 .bss           0x00000000        0x0 c:/program files (x86)/atmel/studio/7.0/toolchain/avr8/avr8-gnu-toolchain/bin/../lib/gcc/avr/5.4.0/../../../../avr/lib/avr5\libm.a(fp_round.o)
 .text          0x00000000        0x0 c:/program files (x86)/atmel/studio/7.0/toolchain/avr8/avr8-gnu-toolchain/bin/../lib/gcc/avr/5.4.0/avr5\libgcc.a(_udivmodhi4.o)
 .data          0x00000000        0x0 c:/program files (x86)/atmel/studio/7.0/toolchain/avr8/avr8-gnu-toolchain/bin/../lib/gcc/avr/5.4.0/avr5\libgcc.a(_udivmodhi4.o)
 .bss           0x00000000        0x0 c:/program files (x86)/atmel/studio/7.0/toolchain/avr8/avr8-gnu-toolchain/bin/../lib/gcc/avr/5.4.0/avr5\libgcc.a(_udivmodhi4.o)
 .text.libgcc.mul
                0x00000000        0x0 c:/program files (x86)/atmel/studio/7.0/toolchain/avr8/avr8-gnu-toolchain/bin/../lib/gcc/avr/5.4.0/avr5\libgcc.a(_udivmodhi4.o)
 .text.libgcc.div
                0x00000000       0x28 c:/program files (x86)/atmel/studio/7.0/toolchain/avr8/avr8-gnu-toolchain/bin/../lib/gcc/avr/5.4.0/avr5\libgcc.a(_udivmodhi4.o)
 .text.libgcc   0x00000000        0x0 c:/program files (x86)/atmel/studio/7.0/toolchain/avr8/avr8-gnu-toolchain/bin/../lib/gcc/avr/5.4.0/avr5\libgcc.a(_udivmodhi4.o)
 .text.libgcc.prologue
                0x00000000        0x0 c:/program files (x86)/atmel/studio/7.0/toolchain/avr8/avr8-gnu-toolchain/bin/../lib/gcc/avr/5.4.0/avr5\libgcc.a(_udivmodhi4.o)
 .text.libgcc.builtins
                0x00000000        0x0 c:/program files (x86)/atmel/studio/7.0/toolchain/avr8/avr8-gnu-toolchain/bin/../lib/gcc/avr/5.4.0/avr5\libgcc.a(_udivmodhi4.o)
 .text.libgcc.fmul
                0x00000000        0x0 c:/program files (x86)/atmel/studio/7.0/toolchain/avr8/avr8-gnu-toolchain/bin/../lib/gcc/avr/5.4.0/avr5\libgcc.a(_udivmodhi4.o)
 .text.libgcc.fixed
                0x00000000        0x0 c:/program files (x86)/atmel/studio/7.0/toolchain/avr8/avr8-gnu-toolchain/bin/../lib/gcc/avr/5.4.0/avr5\libgcc.a(_udivmodhi4.o)
 .text          0x00000000        0x0 c:/program files (x86)/atmel/studio/7.0/toolchain/avr8/avr8-gnu-toolchain/bin/../lib/gcc/avr/5.4.0/avr5\libgcc.a(_udivmodsi4.o)
 .data          0x00000000        0x0 c:/program files (x86)/atmel/studio/7.0/toolchain/avr8/avr8-gnu-toolchain/bin/../lib/gcc/avr/5.4.0/avr5\libgcc.a(_udivmodsi4.o)
 .bss           0x00000000        0x0 c:/program files (x86)/atmel/studio/7.0/toolchain/avr8/avr8-gnu-toolchain/bin/../lib/gcc/avr/5.4.0/avr5\libgcc.a(_udivmodsi4.o)
 .text.libgcc.mul
                0x00000000        0x0 c:/program files (x86)/atmel/studio/7.0/toolchain/avr8/avr8-gnu-toolchain/bin/../lib/gcc/avr/5.4.0/avr5\libgcc.a(_udivmodsi4.o)
 .text.libgcc   0x00000000        0x0 c:/program files (x86)/atmel/studio/7.0/toolchain/avr8/avr8-gnu-toolchain/bin/../lib/gcc/avr/5.4.0/avr5\libgcc.a(_udivmodsi4.o)
 .text.libgcc.prologue
                0x00000000        0x0 c:/program files (x86)/atmel/studio/7.0/toolchain/avr8/avr8-gnu-toolchain/bin/../lib/gcc/avr/5.4.0/avr5\libgcc.a(_udivmodsi4.o)
 .text.libgcc.builtins
                0x00000000        0x0 c:/program files (x86)/atmel/studio/7.0/toolchain/avr8/avr8-gnu-toolchain/bin/../lib/gcc/avr/5.4.0/avr5\libgcc.a(_udivmodsi4.o)
 .text.libgcc.fmul
                0x00000000        0x0 c:/program files (x86)/atmel/studio/7.0/toolchain/avr8/avr8-gnu-toolchain/bin/../lib/gcc/avr/5.4.0/avr5\libgcc.a(_udivmodsi4.o)
 .text.libgcc.fixed
                0x00000000        0x0 c:/program files (x86)/atmel/studio/7.0/toolchain/avr8/avr8-gnu-toolchain/bin/../lib/gcc/avr/5.4.0/avr5\libgcc.a(_udivmodsi4.o)
 .text          0x00000000        0x0 c:/program files (x86)/atmel/studio/7.0/toolchain/avr8/avr8-gnu-toolchain/bin/../lib/gcc/avr/5.4.0/avr5\libgcc.a(_exit.o)
 .data          0x00000000        0x0 c:/program files (x86)/atmel/studio/7.0/toolchain/avr8/avr8-gnu-toolchain/bin/../lib/gcc/avr/5.4.0/avr5\libgcc.a(_exit.o)
 .bss           0x00000000        0x0 c:/program files (x86)/atmel/studio/7.0/toolchain/avr8/avr8-gnu-toolchain/bin/../lib/gcc/avr/5.4.0/avr5\libgcc.a(_exit.o)
 .text.libgcc.mul
                0x00000000        0x0 c:/program files (x86)/atmel/studio/7.0/toolchain/avr8/avr8-gnu-toolchain/bin/../lib/gcc/avr/5.4.0/avr5\libgcc.a(_exit.o)
 .text.libgcc.div
                0x00000000        0x0 c:/program files (x86)/atmel/studio/7.0/toolchain/avr8/avr8-gnu-toolchain/bin/../lib/gcc/avr/5.4.0/avr5\libgcc.a(_exit.o)
 .text.libgcc   0x00000000        0x0 c:/program files (x86)/atmel/studio/7.0/toolchain/avr8/avr8-gnu-toolchain/bin/../lib/gcc/avr/5.4.0/avr5\libgcc.a(_exit.o)
 .text.libgcc.prologue
                0x00000000        0x0 c:/program files (x86)/atmel/studio/7.0/toolchain/avr8/avr8-gnu-toolchain/bin/../lib/gcc/avr/5.4.0/avr5\libgcc.a(_exit.o)
 .text.libgcc.builtins
                0x00000000        0x0 c:/program files (x86)/atmel/studio/7.0/toolchain/avr8/avr8-gnu-toolchain/bin/../lib/gcc/avr/5.4.0/avr5\libgcc.a(_exit.o)
 .text.libgcc.fmul
                0x00000000        0x0 c:/program files (x86)/atmel/studio/7.0/toolchain/avr8/avr8-gnu-toolchain/bin/../lib/gcc/avr/5.4.0/avr5\libgcc.a(_exit.o)
 .text.libgcc.fixed
                0x00000000        0x0 c:/program files (x86)/atmel/studio/7.0/toolchain/avr8/avr8-gnu-toolchain/bin/../lib/gcc/avr/5.4.0/avr5\libgcc.a(_exit.o)
 .text          0x00000000        0x0 c:/program files (x86)/atmel/studio/7.0/toolchain/avr8/avr8-gnu-toolchain/bin/../lib/gcc/avr/5.4.0/avr5\libgcc.a(_copy_data.o)
 .data          0x00000000        0x0 c:/program files (x86)/atmel/studio/7.0/toolchain/avr8/avr8-gnu-toolchain/bin/../lib/gcc/avr/5.4.0/avr5\libgcc.a(_copy_data.o)
 .bss           0x00000000        0x0 c:/program files (x86)/atmel/studio/7.0/toolchain/avr8/avr8-gnu-toolchain/bin/../lib/gcc/avr/5.4.0/avr5\libgcc.a(_copy_data.o)
 .text.libgcc.mul
                0x00000000        0x0 c:/program files (x86)/atmel/studio/7.0/toolchain/avr8/avr8-gnu-toolchain/bin/../lib/gcc/avr/5.4.0/avr5\libgcc.a(_copy_data.o)
 .text.libgcc.div
                0x00000000        0x0 c:/program files (x86)/atmel/studio/7.0/toolchain/avr8/avr8-gnu-toolchain/bin/../lib/gcc/avr/5.4.0/avr5\libgcc.a(_copy_data.o)
 .text.libgcc   0x00000000        0x0 c:/program files (x86)/atmel/studio/7.0/toolchain/avr8/avr8-gnu-toolchain/bin/../lib/gcc/avr/5.4.0/avr5\libgcc.a(_copy_data.o)
 .text.libgcc.prologue
                0x00000000        0x0 c:/program files (x86)/atmel/studio/7.0/toolchain/avr8/avr8-gnu-toolchain/bin/../lib/gcc/avr/5.4.0/avr5\libgcc.a(_copy_data.o)
 .text.libgcc.builtins
                0x00000000        0x0 c:/program files (x86)/atmel/studio/7.0/toolchain/avr8/avr8-gnu-toolchain/bin/../lib/gcc/avr/5.4.0/avr5\libgcc.a(_copy_data.o)
 .text.libgcc.fmul
                0x00000000        0x0 c:/program files (x86)/atmel/studio/7.0/toolchain/avr8/avr8-gnu-toolchain/bin/../lib/gcc/avr/5.4.0/avr5\libgcc.a(_copy_data.o)
 .text.libgcc.fixed
                0x00000000        0x0 c:/program files (x86)/atmel/studio/7.0/toolchain/avr8/avr8-gnu-toolchain/bin/../lib/gcc/avr/5.4.0/avr5\libgcc.a(_copy_data.o)
 .text          0x00000000        0x0 c:/program files (x86)/atmel/studio/7.0/toolchain/avr8/avr8-gnu-toolchain/bin/../lib/gcc/avr/5.4.0/avr5\libgcc.a(_clear_bss.o)
 .data          0x00000000        0x0 c:/program files (x86)/atmel/studio/7.0/toolchain/avr8/avr8-gnu-toolchain/bin/../lib/gcc/avr/5.4.0/avr5\libgcc.a(_clear_bss.o)
 .bss           0x00000000        0x0 c:/program files (x86)/atmel/studio/7.0/toolchain/avr8/avr8-gnu-toolchain/bin/../lib/gcc/avr/5.4.0/avr5\libgcc.a(_clear_bss.o)
 .text.libgcc.mul
                0x00000000        0x0 c:/program files (x86)/atmel/studio/7.0/toolchain/avr8/avr8-gnu-toolchain/bin/../lib/gcc/avr/5.4.0/avr5\libgcc.a(_clear_bss.o)
 .text.libgcc.div
                0x00000000        0x0 c:/program files (x86)/atmel/studio/7.0/toolchain/avr8/avr8-gnu-toolchain/bin/../lib/gcc/avr/5.4.0/avr5\libgcc.a(_clear_bss.o)
 .text.libgcc   0x00000000        0x0 c:/program files (x86)/atmel/studio/7.0/toolchain/avr8/avr8-gnu-toolchain/bin/../lib/gcc/avr/5.4.0/avr5\libgcc.a(_clear_bss.o)
 .text.libgcc.prologue
                0x00000000        0x0 c:/program files (x86)/atmel/studio/7.0/toolchain/avr8/avr8-gnu-toolchain/bin/../lib/gcc/avr/5.4.0/avr5\libgcc.a(_clear_bss.o)
 .text.libgcc.builtins
                0x00000000        0x0 c:/program files (x86)/atmel/studio/7.0/toolchain/avr8/avr8-gnu-toolchain/bin/../lib/gcc/avr/5.4.0/avr5\libgcc.a(_clear_bss.o)
 .text.libgcc.fmul
                0x00000000        0x0 c:/program files (x86)/atmel/studio/7.0/toolchain/avr8/avr8-gnu-toolchain/bin/../lib/gcc/avr/5.4.0/avr5\libgcc.a(_clear_bss.o)
 .text.libgcc.fixed
                0x00000000        0x0 c:/program files (x86)/atmel/studio/7.0/toolchain/avr8/avr8-gnu-toolchain/bin/../lib/gcc/avr/5.4.0/avr5\libgcc.a(_clear_bss.o)
 .text          0x00000000        0x0 c:/program files (x86)/atmel/studio/7.0/toolchain/avr8/avr8-gnu-toolchain/bin/../lib/gcc/avr/5.4.0/../../../../avr/lib/avr5\libc.a(memcpy.o)
 .data          0x00000000        0x0 c:/program files (x86)/atmel/studio/7.0/toolchain/avr8/avr8-gnu-toolchain/bin/../lib/gcc/avr/5.4.0/../../../../avr/lib/avr5\libc.a(memcpy.o)
 .bss           0x00000000        0x0 c:/program files (x86)/atmel/studio/7.0/toolchain/avr8/avr8-gnu-toolchain/bin/../lib/gcc/avr/5.4.0/../../../../avr/lib/avr5\libc.a(memcpy.o)

Memory Configuration

Name             Origin             Length             Attributes
text             0x00000000         0x00008000         xr
data             0x00800060         0x00000800         rw !x
eeprom           0x00810000         0x00000400         rw !x
fuse             0x00820000         0x00000002         rw !x
lock             0x00830000         0x00000400         rw !x
signature        0x00840000         0x00000400         rw !x
user_signatures  0x00850000         0x00000400         rw !x
*default*        0x00000000         0xffffffff

Linker script and memory map

LOAD C:/Program Files (x86)/Atmel/Studio/7.0/Packs/atmel/ATmega_DFP/1.7.374/gcc/dev/atmega32/avr5/crtatmega32.o
LOAD APP/main.o
LOAD HAL/DCMOTOR/DCMOTOR_prog.o
LOAD HAL/KEYPAD/KEYPAD_prog.o
LOAD HAL/LCD/LCD_prog.o
LOAD MCAL/ADC/ADC_prog.o
LOAD MCAL/DIO/DIO_prog.o
LOAD MCAL/EXTI/EXTI_prg.o
LOAD MCAL/FreeRtos/heap_2.o
LOAD MCAL/FreeRtos/list.o
LOAD MCAL/FreeRtos/port.o
LOAD MCAL/FreeRtos/queue.o
LOAD MCAL/FreeRtos/tasks.o
LOAD MCAL/GI/GI_prog.o
LOAD MCAL/RTOS/Kernel_interface.o
LOAD MCAL/TIMER0/TIMER0_prog.o
LOAD MCAL/UART/UART_prog.o
START GROUP
LOAD c:/program files (x86)/atmel/studio/7.0/toolchain/avr8/avr8-gnu-toolchain/bin/../lib/gcc/avr/5.4.0/../../../../avr/lib/avr5\libm.a
END GROUP
START GROUP
LOAD c:/program files (x86)/atmel/studio/7.0/toolchain/avr8/avr8-gnu-toolchain/bin/../lib/gcc/avr/5.4.0/avr5\libgcc.a
LOAD c:/program files (x86)/atmel/studio/7.0/toolchain/avr8/avr8-gnu-toolchain/bin/../lib/gcc/avr/5.4.0/../../../../avr/lib/avr5\libm.a
LOAD c:/program files (x86)/atmel/studio/7.0/toolchain/avr8/avr8-gnu-toolchain/bin/../lib/gcc/avr/5.4.0/../../../../avr/lib/avr5\libc.a
LOAD C:/Program Files (x86)/Atmel/Studio/7.0/Packs/atmel/ATmega_DFP/1.7.374/gcc/dev/atmega32/avr5\libatmega32.a
END GROUP
                0x00000000                __TEXT_REGION_ORIGIN__ = DEFINED (__TEXT_REGION_ORIGIN__)?__TEXT_REGION_ORIGIN__:0x0
                [0x00800060]                __DATA_REGION_ORIGIN__ = DEFINED (__DATA_REGION_ORIGIN__)?__DATA_REGION_ORIGIN__:0x800060
                [0x00008000]                __TEXT_REGION_LENGTH__ = DEFINED (__TEXT_REGION_LENGTH__)?__TEXT_REGION_LENGTH__:0x20000
                [0x00000800]                __DATA_REGION_LENGTH__ = DEFINED (__DATA_REGION_LENGTH__)?__DATA_REGION_LENGTH__:0xffa0
                [0x00000400]                __EEPROM_REGION_LENGTH__ = DEFINED (__EEPROM_REGION_LENGTH__)?__EEPROM_REGION_LENGTH__:0x10000
                [0x00000002]                __FUSE_REGION_LENGTH__ = DEFINED (__FUSE_REGION_LENGTH__)?__FUSE_REGION_LENGTH__:0x400
                0x00000400                __LOCK_REGION_LENGTH__ = DEFINED (__LOCK_REGION_LENGTH__)?__LOCK_REGION_LENGTH__:0x400
                0x00000400                __SIGNATURE_REGION_LENGTH__ = DEFINED (__SIGNATURE_REGION_LENGTH__)?__SIGNATURE_REGION_LENGTH__:0x400
                0x00000400                __USER_SIGNATURE_REGION_LENGTH__ = DEFINED (__USER_SIGNATURE_REGION_LENGTH__)?__USER_SIGNATURE_REGION_LENGTH__:0x400

.hash
 *(.hash)

.dynsym
 *(.dynsym)

.dynstr
 *(.dynstr)

.gnu.version
 *(.gnu.version)

.gnu.version_d
 *(.gnu.version_d)

.gnu.version_r
 *(.gnu.version_r)

.rel.init
 *(.rel.init)

.rela.init
 *(.rela.init)

.rel.text
 *(.rel.text)
 *(.rel.text.*)
 *(.rel.gnu.linkonce.t*)

.rela.text
 *(.rela.text)
 *(.rela.text.*)
 *(.rela.gnu.linkonce.t*)

.rel.fini
 *(.rel.fini)

.rela.fini
 *(.rela.fini)

.rel.rodata
 *(.rel.rodata)
 *(.rel.rodata.*)
 *(.rel.gnu.linkonce.r*)

.rela.rodata
 *(.rela.rodata)
 *(.rela.rodata.*)
 *(.rela.gnu.linkonce.r*)

.rel.data
 *(.rel.data)
 *(.rel.data.*)
 *(.rel.gnu.linkonce.d*)

.rela.data
 *(.rela.data)
 *(.rela.data.*)
 *(.rela.gnu.linkonce.d*)

.rel.ctors
 *(.rel.ctors)

.rela.ctors
 *(.rela.ctors)

.rel.dtors
 *(.rel.dtors)

.rela.dtors
 *(.rela.dtors)

.rel.got
 *(.rel.got)

.rela.got
 *(.rela.got)

.rel.bss
 *(.rel.bss)

.rela.bss
 *(.rela.bss)

.rel.plt
 *(.rel.plt)

.rela.plt
 *(.rela.plt)

.text           0x00000000     0x229c
 *(.vectors)
 .vectors       0x00000000       0x54 C:/Program Files (x86)/Atmel/Studio/7.0/Packs/atmel/ATmega_DFP/1.7.374/gcc/dev/atmega32/avr5/crtatmega32.o
                0x00000000                __vector_default
                0x00000000                __vectors
 *(.vectors)
 *(.progmem.gcc*)
                0x00000054                . = ALIGN (0x2)
                0x00000054                __trampolines_start = .
 *(.trampolines)
 .trampolines   0x00000054        0x0 linker stubs
 *(.trampolines*)
                0x00000054                __trampolines_end = .
 *libprintf_flt.a:*(.progmem.data)
 *libc.a:*(.progmem.data)
 *(.progmem*)
                0x00000054                . = ALIGN (0x2)
 *(.jumptables)
 *(.jumptables*)
 *(.lowtext)
 *(.lowtext*)
                0x00000054                __ctors_start = .
 *(.ctors)
                0x00000054                __ctors_end = .
                0x00000054                __dtors_start = .
 *(.dtors)
                0x00000054                __dtors_end = .
 SORT(*)(.ctors)
 SORT(*)(.dtors)
 *(.init0)
 .init0         0x00000054        0x0 C:/Program Files (x86)/Atmel/Studio/7.0/Packs/atmel/ATmega_DFP/1.7.374/gcc/dev/atmega32/avr5/crtatmega32.o
                0x00000054                __init
 *(.init0)
 *(.init1)
 *(.init1)
 *(.init2)
 .init2         0x00000054        0xc C:/Program Files (x86)/Atmel/Studio/7.0/Packs/atmel/ATmega_DFP/1.7.374/gcc/dev/atmega32/avr5/crtatmega32.o
 *(.init2)
 *(.init3)
 *(.init3)
 *(.init4)
 .init4         0x00000060       0x16 c:/program files (x86)/atmel/studio/7.0/toolchain/avr8/avr8-gnu-toolchain/bin/../lib/gcc/avr/5.4.0/avr5\libgcc.a(_copy_data.o)
                0x00000060                __do_copy_data
 .init4         0x00000076       0x10 c:/program files (x86)/atmel/studio/7.0/toolchain/avr8/avr8-gnu-toolchain/bin/../lib/gcc/avr/5.4.0/avr5\libgcc.a(_clear_bss.o)
                0x00000076                __do_clear_bss
 *(.init4)
 *(.init5)
 *(.init5)
 *(.init6)
 *(.init6)
 *(.init7)
 *(.init7)
 *(.init8)
 *(.init8)
 *(.init9)
 .init9         0x00000086        0x8 C:/Program Files (x86)/Atmel/Studio/7.0/Packs/atmel/ATmega_DFP/1.7.374/gcc/dev/atmega32/avr5/crtatmega32.o
 *(.init9)
 *(.text)
 .text          0x0000008e        0x4 C:/Program Files (x86)/Atmel/Studio/7.0/Packs/atmel/ATmega_DFP/1.7.374/gcc/dev/atmega32/avr5/crtatmega32.o
                0x0000008e                __vector_12
                0x0000008e                __bad_interrupt
                0x0000008e                __vector_6
                0x0000008e                __vector_13
                0x0000008e                __vector_17
                0x0000008e                __vector_19
                0x0000008e                __vector_5
                0x0000008e                __vector_4
                0x0000008e                __vector_9
                0x0000008e                __vector_15
                0x0000008e                __vector_8
                0x0000008e                __vector_14
                0x0000008e                __vector_16
                0x0000008e                __vector_18
                0x0000008e                __vector_20
                0x00000092                . = ALIGN (0x2)
 *(.text.*)
 .text.task1    0x00000092       0x64 APP/main.o
                0x00000092                task1
 .text.task2    0x000000f6       0xca APP/main.o
                0x000000f6                task2
 .text.task3    0x000001c0       0xa4 APP/main.o
                0x000001c0                task3
 .text.task4    0x00000264      0x168 APP/main.o
                0x00000264                task4
 .text.main     0x000003cc       0xd8 APP/main.o
                0x000003cc                main
 .text.LCD_voidSHD
                0x000004a4       0x64 HAL/LCD/LCD_prog.o
                0x000004a4                LCD_voidSHD
 .text.LCD_voidSendEnable
                0x00000508       0x22 HAL/LCD/LCD_prog.o
                0x00000508                LCD_voidSendEnable
 .text.LCD_voidSendData
                0x0000052a       0x34 HAL/LCD/LCD_prog.o
                0x0000052a                LCD_voidSendData
 .text.LCD_voidSendCommand
                0x0000055e       0x34 HAL/LCD/LCD_prog.o
                0x0000055e                LCD_voidSendCommand
 .text.LCD_voidInit
                0x00000592       0x3e HAL/LCD/LCD_prog.o
                0x00000592                LCD_voidInit
 .text.LCD_voidSendString
                0x000005d0       0x26 HAL/LCD/LCD_prog.o
                0x000005d0                LCD_voidSendString
 .text.LCD_voidGotoxy
                0x000005f6       0x10 HAL/LCD/LCD_prog.o
                0x000005f6                LCD_voidGotoxy
 .text.LCD_voidSendNumber
                0x00000606       0x94 HAL/LCD/LCD_prog.o
                0x00000606                LCD_voidSendNumber
 .text.ADC_voidInit
                0x0000069a       0x20 MCAL/ADC/ADC_prog.o
                0x0000069a                ADC_voidInit
 .text.ADC_u16ReadChannel
                0x000006ba       0x22 MCAL/ADC/ADC_prog.o
                0x000006ba                ADC_u16ReadChannel
 .text.DIO_voidSetPinDir
                0x000006dc       0xe6 MCAL/DIO/DIO_prog.o
                0x000006dc                DIO_voidSetPinDir
 .text.DIO_voidSetPinVal
                0x000007c2       0xe6 MCAL/DIO/DIO_prog.o
                0x000007c2                DIO_voidSetPinVal
 .text.DIO_voidSetPortDir
                0x000008a8       0x20 MCAL/DIO/DIO_prog.o
                0x000008a8                DIO_voidSetPortDir
 .text.__vector_1
                0x000008c8       0x4e MCAL/EXTI/EXTI_prg.o
                0x000008c8                __vector_1
 .text.__vector_2
                0x00000916       0x4e MCAL/EXTI/EXTI_prg.o
                0x00000916                __vector_2
 .text.__vector_3
                0x00000964       0x4e MCAL/EXTI/EXTI_prg.o
                0x00000964                __vector_3
 .text.prvHeapInit
                0x000009b2       0x36 MCAL/FreeRtos/heap_2.o
 .text.pvPortMalloc
                0x000009e8       0xf8 MCAL/FreeRtos/heap_2.o
                0x000009e8                pvPortMalloc
 .text.vPortFree
                0x00000ae0       0x66 MCAL/FreeRtos/heap_2.o
                0x00000ae0                vPortFree
 .text.vListInitialise
                0x00000b46       0x1c MCAL/FreeRtos/list.o
                0x00000b46                vListInitialise
 .text.vListInitialiseItem
                0x00000b62        0x8 MCAL/FreeRtos/list.o
                0x00000b62                vListInitialiseItem
 .text.vListInsertEnd
                0x00000b6a       0x42 MCAL/FreeRtos/list.o
                0x00000b6a                vListInsertEnd
 .text.vListInsert
                0x00000bac       0x62 MCAL/FreeRtos/list.o
                0x00000bac                vListInsert
 .text.uxListRemove
                0x00000c0e       0x4c MCAL/FreeRtos/list.o
                0x00000c0e                uxListRemove
 .text.prvSetupTimerInterrupt
                0x00000c5a       0x12 MCAL/FreeRtos/port.o
 .text.pxPortInitialiseStack
                0x00000c6c       0xd8 MCAL/FreeRtos/port.o
                0x00000c6c                pxPortInitialiseStack
 .text.xPortStartScheduler
                0x00000d44       0x5e MCAL/FreeRtos/port.o
                0x00000d44                xPortStartScheduler
 .text.vPortYield
                0x00000da2       0xb2 MCAL/FreeRtos/port.o
                0x00000da2                vPortYield
 .text.vPortYieldFromTick
                0x00000e54       0xb8 MCAL/FreeRtos/port.o
                0x00000e54                vPortYieldFromTick
 .text.__vector_7
                0x00000f0c        0x6 MCAL/FreeRtos/port.o
                0x00000f0c                __vector_7
 .text.prvIsQueueEmpty
                0x00000f12       0x1a MCAL/FreeRtos/queue.o
 .text.prvIsQueueFull
                0x00000f2c       0x1c MCAL/FreeRtos/queue.o
 .text.prvCopyDataToQueue
                0x00000f48       0xbe MCAL/FreeRtos/queue.o
 .text.prvCopyDataFromQueue
                0x00001006       0x34 MCAL/FreeRtos/queue.o
 .text.prvUnlockQueue
                0x0000103a       0x68 MCAL/FreeRtos/queue.o
 .text.xQueueGenericReset
                0x000010a2       0x8c MCAL/FreeRtos/queue.o
                0x000010a2                xQueueGenericReset
 .text.prvInitialiseNewQueue
                0x0000112e       0x26 MCAL/FreeRtos/queue.o
 .text.xQueueGenericCreate
                0x00001154       0x54 MCAL/FreeRtos/queue.o
                0x00001154                xQueueGenericCreate
 .text.xQueueGenericSend
                0x000011a8      0x124 MCAL/FreeRtos/queue.o
                0x000011a8                xQueueGenericSend
 .text.xQueueGenericReceive
                0x000012cc      0x182 MCAL/FreeRtos/queue.o
                0x000012cc                xQueueGenericReceive
 .text.prvResetNextTaskUnblockTime
                0x0000144e       0x3e MCAL/FreeRtos/tasks.o
 .text.prvDeleteTCB
                0x0000148c       0x1a MCAL/FreeRtos/tasks.o
 .text.prvInitialiseNewTask
                0x000014a6       0xd6 MCAL/FreeRtos/tasks.o
 .text.prvInitialiseTaskLists
                0x0000157c       0x6e MCAL/FreeRtos/tasks.o
 .text.prvAddNewTaskToReadyList
                0x000015ea       0xb8 MCAL/FreeRtos/tasks.o
 .text.prvAddCurrentTaskToDelayedList
                0x000016a2       0xb0 MCAL/FreeRtos/tasks.o
 .text.xTaskCreate
                0x00001752       0xa8 MCAL/FreeRtos/tasks.o
                0x00001752                xTaskCreate
 .text.vTaskStartScheduler
                0x000017fa       0x54 MCAL/FreeRtos/tasks.o
                0x000017fa                vTaskStartScheduler
 .text.vTaskSuspendAll
                0x0000184e        0xc MCAL/FreeRtos/tasks.o
                0x0000184e                vTaskSuspendAll
 .text.xTaskIncrementTick
                0x0000185a      0x174 MCAL/FreeRtos/tasks.o
                0x0000185a                xTaskIncrementTick
 .text.xTaskResumeAll
                0x000019ce       0xe4 MCAL/FreeRtos/tasks.o
                0x000019ce                xTaskResumeAll
 .text.vTaskDelay
                0x00001ab2       0x2c MCAL/FreeRtos/tasks.o
                0x00001ab2                vTaskDelay
 .text.prvCheckTasksWaitingTermination
                0x00001ade       0x5c MCAL/FreeRtos/tasks.o
 .text.prvIdleTask
                0x00001b3a        0x6 MCAL/FreeRtos/tasks.o
 .text.vTaskSwitchContext
                0x00001b40       0xa8 MCAL/FreeRtos/tasks.o
                0x00001b40                vTaskSwitchContext
 .text.vTaskPlaceOnEventList
                0x00001be8       0x24 MCAL/FreeRtos/tasks.o
                0x00001be8                vTaskPlaceOnEventList
 .text.xTaskRemoveFromEventList
                0x00001c0c       0x90 MCAL/FreeRtos/tasks.o
                0x00001c0c                xTaskRemoveFromEventList
 .text.vTaskSetTimeOutState
                0x00001c9c       0x16 MCAL/FreeRtos/tasks.o
                0x00001c9c                vTaskSetTimeOutState
 .text.xTaskCheckForTimeOut
                0x00001cb2       0x72 MCAL/FreeRtos/tasks.o
                0x00001cb2                xTaskCheckForTimeOut
 .text.vTaskMissedYield
                0x00001d24        0x8 MCAL/FreeRtos/tasks.o
                0x00001d24                vTaskMissedYield
 .text.vTaskPriorityInherit
                0x00001d2c       0xc4 MCAL/FreeRtos/tasks.o
                0x00001d2c                vTaskPriorityInherit
 .text.xTaskPriorityDisinherit
                0x00001df0       0x80 MCAL/FreeRtos/tasks.o
                0x00001df0                xTaskPriorityDisinherit
 .text.pvTaskIncrementMutexHeldCount
                0x00001e70       0x24 MCAL/FreeRtos/tasks.o
                0x00001e70                pvTaskIncrementMutexHeldCount
 .text.TIMER0_voidFastPWM
                0x00001e94       0x44 MCAL/TIMER0/TIMER0_prog.o
                0x00001e94                TIMER0_voidFastPWM
 .text.__vector_11
                0x00001ed8       0x4e MCAL/TIMER0/TIMER0_prog.o
                0x00001ed8                __vector_11
 .text.__vector_10
                0x00001f26       0x4e MCAL/TIMER0/TIMER0_prog.o
                0x00001f26                __vector_10
 .text.UART_voidInit
                0x00001f74       0x16 MCAL/UART/UART_prog.o
                0x00001f74                UART_voidInit
 .text.UART_u8RX
                0x00001f8a        0x8 MCAL/UART/UART_prog.o
                0x00001f8a                UART_u8RX
 .text.avr-libc.fplib
                0x00001f92        0xa c:/program files (x86)/atmel/studio/7.0/toolchain/avr8/avr8-gnu-toolchain/bin/../lib/gcc/avr/5.4.0/../../../../avr/lib/avr5\libm.a(cmpsf2.o)
                0x00001f92                __nesf2
                0x00001f92                __eqsf2
                0x00001f92                __cmpsf2
                0x00001f92                __ltsf2
                0x00001f92                __lesf2
 .text.avr-libc.fplib
                0x00001f9c       0x5e c:/program files (x86)/atmel/studio/7.0/toolchain/avr8/avr8-gnu-toolchain/bin/../lib/gcc/avr/5.4.0/../../../../avr/lib/avr5\libm.a(fixunssfsi.o)
                0x00001f9c                __fixunssfsi
 .text.avr-libc.fplib
                0x00001ffa       0x7a c:/program files (x86)/atmel/studio/7.0/toolchain/avr8/avr8-gnu-toolchain/bin/../lib/gcc/avr/5.4.0/../../../../avr/lib/avr5\libm.a(floatsisf.o)
                0x00001ffa                __floatunsisf
                0x00001ffe                __floatsisf
 .text.avr-libc.fplib
                0x00002074       0x48 c:/program files (x86)/atmel/studio/7.0/toolchain/avr8/avr8-gnu-toolchain/bin/../lib/gcc/avr/5.4.0/../../../../avr/lib/avr5\libm.a(fp_cmp.o)
                0x00002074                __fp_cmp
 .text.avr-libc.fplib
                0x000020bc       0x44 c:/program files (x86)/atmel/studio/7.0/toolchain/avr8/avr8-gnu-toolchain/bin/../lib/gcc/avr/5.4.0/../../../../avr/lib/avr5\libm.a(fp_split3.o)
                0x000020bc                __fp_split3
                0x000020cc                __fp_splitA
 .text.avr-libc.fplib
                0x00002100        0xe c:/program files (x86)/atmel/studio/7.0/toolchain/avr8/avr8-gnu-toolchain/bin/../lib/gcc/avr/5.4.0/../../../../avr/lib/avr5\libm.a(fp_zero.o)
                0x00002100                __fp_zero
                0x00002102                __fp_szero
 .text.avr-libc.fplib
                0x0000210e        0xa c:/program files (x86)/atmel/studio/7.0/toolchain/avr8/avr8-gnu-toolchain/bin/../lib/gcc/avr/5.4.0/../../../../avr/lib/avr5\libm.a(gesf2.o)
                0x0000210e                __gesf2
                0x0000210e                __gtsf2
 .text.avr-libc.fplib
                0x00002118        0x8 c:/program files (x86)/atmel/studio/7.0/toolchain/avr8/avr8-gnu-toolchain/bin/../lib/gcc/avr/5.4.0/../../../../avr/lib/avr5\libm.a(mulsf3.o)
                0x00002118                __mulsf3
 .text.avr-libc.fplib
                0x00002120       0xd2 c:/program files (x86)/atmel/studio/7.0/toolchain/avr8/avr8-gnu-toolchain/bin/../lib/gcc/avr/5.4.0/../../../../avr/lib/avr5\libm.a(mulsf3x.o)
                0x0000213e                __mulsf3x
                0x00002144                __mulsf3_pse
 .text.avr-libc.fplib
                0x000021f2        0xc c:/program files (x86)/atmel/studio/7.0/toolchain/avr8/avr8-gnu-toolchain/bin/../lib/gcc/avr/5.4.0/../../../../avr/lib/avr5\libm.a(fp_inf.o)
                0x000021f2                __fp_inf
 .text.avr-libc.fplib
                0x000021fe        0x6 c:/program files (x86)/atmel/studio/7.0/toolchain/avr8/avr8-gnu-toolchain/bin/../lib/gcc/avr/5.4.0/../../../../avr/lib/avr5\libm.a(fp_nan.o)
                0x000021fe                __fp_nan
 .text.avr-libc.fplib
                0x00002204        0xe c:/program files (x86)/atmel/studio/7.0/toolchain/avr8/avr8-gnu-toolchain/bin/../lib/gcc/avr/5.4.0/../../../../avr/lib/avr5\libm.a(fp_pscA.o)
                0x00002204                __fp_pscA
 .text.avr-libc.fplib
                0x00002212        0xe c:/program files (x86)/atmel/studio/7.0/toolchain/avr8/avr8-gnu-toolchain/bin/../lib/gcc/avr/5.4.0/../../../../avr/lib/avr5\libm.a(fp_pscB.o)
                0x00002212                __fp_pscB
 .text.avr-libc.fplib
                0x00002220       0x22 c:/program files (x86)/atmel/studio/7.0/toolchain/avr8/avr8-gnu-toolchain/bin/../lib/gcc/avr/5.4.0/../../../../avr/lib/avr5\libm.a(fp_round.o)
                0x00002220                __fp_round
 .text.libgcc.div
                0x00002242       0x44 c:/program files (x86)/atmel/studio/7.0/toolchain/avr8/avr8-gnu-toolchain/bin/../lib/gcc/avr/5.4.0/avr5\libgcc.a(_udivmodsi4.o)
                0x00002242                __udivmodsi4
 .text.avr-libc
                0x00002286       0x12 c:/program files (x86)/atmel/studio/7.0/toolchain/avr8/avr8-gnu-toolchain/bin/../lib/gcc/avr/5.4.0/../../../../avr/lib/avr5\libc.a(memcpy.o)
                0x00002286                memcpy
                0x00002298                . = ALIGN (0x2)
 *(.fini9)
 .fini9         0x00002298        0x0 c:/program files (x86)/atmel/studio/7.0/toolchain/avr8/avr8-gnu-toolchain/bin/../lib/gcc/avr/5.4.0/avr5\libgcc.a(_exit.o)
                0x00002298                _exit
                0x00002298                exit
 *(.fini9)
 *(.fini8)
 *(.fini8)
 *(.fini7)
 *(.fini7)
 *(.fini6)
 *(.fini6)
 *(.fini5)
 *(.fini5)
 *(.fini4)
 *(.fini4)
 *(.fini3)
 *(.fini3)
 *(.fini2)
 *(.fini2)
 *(.fini1)
 *(.fini1)
 *(.fini0)
 .fini0         0x00002298        0x4 c:/program files (x86)/atmel/studio/7.0/toolchain/avr8/avr8-gnu-toolchain/bin/../lib/gcc/avr/5.4.0/avr5\libgcc.a(_exit.o)
 *(.fini0)
                0x0000229c                _etext = .

.data           0x00800060       0xa6 load address 0x0000229c
                0x00800060                PROVIDE (__data_start, .)
 *(.data)
 *(.data*)
 .data.xFreeBytesRemaining
                0x00800060        0x2 MCAL/FreeRtos/heap_2.o
 *(.gnu.linkonce.d*)
 *(.rodata)
 *(.rodata*)
 .rodata.str1.1
                0x00800062       0x9e APP/main.o
 .rodata.str1.1
                0x00800100        0x5 MCAL/FreeRtos/tasks.o
 *(.gnu.linkonce.r*)
                0x00800106                . = ALIGN (0x2)
 *fill*         0x00800105        0x1 
                0x00800106                _edata = .
                0x00800106                PROVIDE (__data_end, .)

.bss            0x00800106      0x45e
                0x00800106                PROVIDE (__bss_start, .)
 *(.bss)
 *(.bss*)
 .bss.EXTI_PTR  0x00800106        0x6 MCAL/EXTI/EXTI_prg.o
                0x00800106                EXTI_PTR
 .bss.xHeapHasBeenInitialised.2079
                0x0080010c        0x1 MCAL/FreeRtos/heap_2.o
 .bss.xEnd      0x0080010d        0x4 MCAL/FreeRtos/heap_2.o
 .bss.xStart    0x00800111        0x4 MCAL/FreeRtos/heap_2.o
 .bss.ucHeap    0x00800115      0x3e8 MCAL/FreeRtos/heap_2.o
 .bss.uxSchedulerSuspended
                0x008004fd        0x1 MCAL/FreeRtos/tasks.o
 .bss.xIdleTaskHandle
                0x008004fe        0x2 MCAL/FreeRtos/tasks.o
 .bss.xNextTaskUnblockTime
                0x00800500        0x2 MCAL/FreeRtos/tasks.o
 .bss.uxTaskNumber
                0x00800502        0x1 MCAL/FreeRtos/tasks.o
 .bss.xNumOfOverflows
                0x00800503        0x1 MCAL/FreeRtos/tasks.o
 .bss.xYieldPending
                0x00800504        0x1 MCAL/FreeRtos/tasks.o
 .bss.uxPendedTicks
                0x00800505        0x1 MCAL/FreeRtos/tasks.o
 .bss.xSchedulerRunning
                0x00800506        0x1 MCAL/FreeRtos/tasks.o
 .bss.uxTopReadyPriority
                0x00800507        0x1 MCAL/FreeRtos/tasks.o
 .bss.xTickCount
                0x00800508        0x2 MCAL/FreeRtos/tasks.o
 .bss.uxCurrentNumberOfTasks
                0x0080050a        0x1 MCAL/FreeRtos/tasks.o
 .bss.xSuspendedTaskList
                0x0080050b        0x9 MCAL/FreeRtos/tasks.o
 .bss.uxDeletedTasksWaitingCleanUp
                0x00800514        0x1 MCAL/FreeRtos/tasks.o
 .bss.xTasksWaitingTermination
                0x00800515        0x9 MCAL/FreeRtos/tasks.o
 .bss.xPendingReadyList
                0x0080051e        0x9 MCAL/FreeRtos/tasks.o
 .bss.pxOverflowDelayedTaskList
                0x00800527        0x2 MCAL/FreeRtos/tasks.o
 .bss.pxDelayedTaskList
                0x00800529        0x2 MCAL/FreeRtos/tasks.o
 .bss.xDelayedTaskList2
                0x0080052b        0x9 MCAL/FreeRtos/tasks.o
 .bss.xDelayedTaskList1
                0x00800534        0x9 MCAL/FreeRtos/tasks.o
 .bss.pxReadyTasksLists
                0x0080053d       0x1b MCAL/FreeRtos/tasks.o
 .bss.pxCurrentTCB
                0x00800558        0x2 MCAL/FreeRtos/tasks.o
                0x00800558                pxCurrentTCB
 .bss.TIM0_PTR  0x0080055a        0x4 MCAL/TIMER0/TIMER0_prog.o
                0x0080055a                TIM0_PTR
 *(COMMON)
 COMMON         0x0080055e        0x6 APP/main.o
                0x0080055e                semaphore
                0x00800560                queue2
                0x00800562                queue1
                0x00800564                PROVIDE (__bss_end, .)
                0x0000229c                __data_load_start = LOADADDR (.data)
                0x00002342                __data_load_end = (__data_load_start + SIZEOF (.data))

.noinit         0x00800564        0x0
                [!provide]                PROVIDE (__noinit_start, .)
 *(.noinit*)
                [!provide]                PROVIDE (__noinit_end, .)
                0x00800564                _end = .
                [!provide]                PROVIDE (__heap_start, .)

.eeprom         0x00810000        0x0
 *(.eeprom*)
                0x00810000                __eeprom_end = .

.fuse
 *(.fuse)
 *(.lfuse)
 *(.hfuse)
 *(.efuse)

.lock
 *(.lock*)

.signature
 *(.signature*)

.user_signatures
 *(.user_signatures*)

.stab
 *(.stab)

.stabstr
 *(.stabstr)

.stab.excl
 *(.stab.excl)

.stab.exclstr
 *(.stab.exclstr)

.stab.index
 *(.stab.index)

.stab.indexstr
 *(.stab.indexstr)

.comment        0x00000000       0x30
 *(.comment)
 .comment       0x00000000       0x30 APP/main.o
                                 0x31 (size before relaxing)
 .comment       0x00000030       0x31 HAL/LCD/LCD_prog.o
 .comment       0x00000030       0x31 MCAL/ADC/ADC_prog.o
 .comment       0x00000030       0x31 MCAL/DIO/DIO_prog.o
 .comment       0x00000030       0x31 MCAL/EXTI/EXTI_prg.o
 .comment       0x00000030       0x31 MCAL/FreeRtos/heap_2.o
 .comment       0x00000030       0x31 MCAL/FreeRtos/list.o
 .comment       0x00000030       0x31 MCAL/FreeRtos/port.o
 .comment       0x00000030       0x31 MCAL/FreeRtos/queue.o
 .comment       0x00000030       0x31 MCAL/FreeRtos/tasks.o
 .comment       0x00000030       0x31 MCAL/TIMER0/TIMER0_prog.o
 .comment       0x00000030       0x31 MCAL/UART/UART_prog.o

.note.gnu.avr.deviceinfo
                0x00000000       0x3c
 .note.gnu.avr.deviceinfo
                0x00000000       0x3c C:/Program Files (x86)/Atmel/Studio/7.0/Packs/atmel/ATmega_DFP/1.7.374/gcc/dev/atmega32/avr5/crtatmega32.o

.note.gnu.build-id
 *(.note.gnu.build-id)

.debug
 *(.debug)

.line
 *(.line)

.debug_srcinfo
 *(.debug_srcinfo)

.debug_sfnames
 *(.debug_sfnames)

.debug_aranges  0x00000000      0x528
 *(.debug_aranges)
 .debug_aranges
                0x00000000       0x40 APP/main.o
 .debug_aranges
                0x00000040       0x60 HAL/LCD/LCD_prog.o
 .debug_aranges
                0x000000a0       0x28 MCAL/ADC/ADC_prog.o
 .debug_aranges
                0x000000c8       0x48 MCAL/DIO/DIO_prog.o
 .debug_aranges
                0x00000110       0x70 MCAL/EXTI/EXTI_prg.o
 .debug_aranges
                0x00000180       0x40 MCAL/FreeRtos/heap_2.o
 .debug_aranges
                0x000001c0       0x40 MCAL/FreeRtos/list.o
 .debug_aranges
                0x00000200       0x50 MCAL/FreeRtos/port.o
 .debug_aranges
                0x00000250       0xe8 MCAL/FreeRtos/queue.o
 .debug_aranges
                0x00000338      0x180 MCAL/FreeRtos/tasks.o
 .debug_aranges
                0x000004b8       0x40 MCAL/TIMER0/TIMER0_prog.o
 .debug_aranges
                0x000004f8       0x30 MCAL/UART/UART_prog.o

.debug_pubnames
 *(.debug_pubnames)

.debug_info     0x00000000     0x5539
 *(.debug_info .gnu.linkonce.wi.*)
 .debug_info    0x00000000      0x4e6 C:/Program Files (x86)/Atmel/Studio/7.0/Packs/atmel/ATmega_DFP/1.7.374/gcc/dev/atmega32/avr5/crtatmega32.o
 .debug_info    0x000004e6      0xa2a APP/main.o
 .debug_info    0x00000f10      0x5fe HAL/LCD/LCD_prog.o
 .debug_info    0x0000150e       0xc4 MCAL/ADC/ADC_prog.o
 .debug_info    0x000015d2      0x1e9 MCAL/DIO/DIO_prog.o
 .debug_info    0x000017bb      0x1e2 MCAL/EXTI/EXTI_prg.o
 .debug_info    0x0000199d      0x329 MCAL/FreeRtos/heap_2.o
 .debug_info    0x00001cc6      0x2cd MCAL/FreeRtos/list.o
 .debug_info    0x00001f93      0x24e MCAL/FreeRtos/port.o
 .debug_info    0x000021e1     0x146f MCAL/FreeRtos/queue.o
 .debug_info    0x00003650     0x1ca0 MCAL/FreeRtos/tasks.o
 .debug_info    0x000052f0      0x165 MCAL/TIMER0/TIMER0_prog.o
 .debug_info    0x00005455       0xe4 MCAL/UART/UART_prog.o

.debug_abbrev   0x00000000     0x13c9
 *(.debug_abbrev)
 .debug_abbrev  0x00000000      0x4a3 C:/Program Files (x86)/Atmel/Studio/7.0/Packs/atmel/ATmega_DFP/1.7.374/gcc/dev/atmega32/avr5/crtatmega32.o
 .debug_abbrev  0x000004a3      0x192 APP/main.o
 .debug_abbrev  0x00000635      0x1a1 HAL/LCD/LCD_prog.o
 .debug_abbrev  0x000007d6       0x6d MCAL/ADC/ADC_prog.o
 .debug_abbrev  0x00000843       0xa9 MCAL/DIO/DIO_prog.o
 .debug_abbrev  0x000008ec       0xd8 MCAL/EXTI/EXTI_prg.o
 .debug_abbrev  0x000009c4      0x1a0 MCAL/FreeRtos/heap_2.o
 .debug_abbrev  0x00000b64       0xf8 MCAL/FreeRtos/list.o
 .debug_abbrev  0x00000c5c      0x143 MCAL/FreeRtos/port.o
 .debug_abbrev  0x00000d9f      0x211 MCAL/FreeRtos/queue.o
 .debug_abbrev  0x00000fb0      0x2bf MCAL/FreeRtos/tasks.o
 .debug_abbrev  0x0000126f       0xda MCAL/TIMER0/TIMER0_prog.o
 .debug_abbrev  0x00001349       0x80 MCAL/UART/UART_prog.o

.debug_line     0x00000000     0x330b
 *(.debug_line .debug_line.* .debug_line_end)
 .debug_line    0x00000000      0x116 C:/Program Files (x86)/Atmel/Studio/7.0/Packs/atmel/ATmega_DFP/1.7.374/gcc/dev/atmega32/avr5/crtatmega32.o
 .debug_line    0x00000116      0x43d APP/main.o
 .debug_line    0x00000553      0x38e HAL/LCD/LCD_prog.o
 .debug_line    0x000008e1       0xc4 MCAL/ADC/ADC_prog.o
 .debug_line    0x000009a5      0x1dc MCAL/DIO/DIO_prog.o
 .debug_line    0x00000b81      0x222 MCAL/EXTI/EXTI_prg.o
 .debug_line    0x00000da3      0x2a3 MCAL/FreeRtos/heap_2.o
 .debug_line    0x00001046      0x1d7 MCAL/FreeRtos/list.o
 .debug_line    0x0000121d      0x2a9 MCAL/FreeRtos/port.o
 .debug_line    0x000014c6      0xaaf MCAL/FreeRtos/queue.o
 .debug_line    0x00001f75     0x117d MCAL/FreeRtos/tasks.o
 .debug_line    0x000030f2      0x14a MCAL/TIMER0/TIMER0_prog.o
 .debug_line    0x0000323c       0xcf MCAL/UART/UART_prog.o

.debug_frame    0x00000000      0xff8
 *(.debug_frame)
 .debug_frame   0x00000000       0xc8 APP/main.o
 .debug_frame   0x000000c8      0x118 HAL/LCD/LCD_prog.o
 .debug_frame   0x000001e0       0x34 MCAL/ADC/ADC_prog.o
 .debug_frame   0x00000214       0x74 MCAL/DIO/DIO_prog.o
 .debug_frame   0x00000288      0x19c MCAL/EXTI/EXTI_prg.o
 .debug_frame   0x00000424       0x8c MCAL/FreeRtos/heap_2.o
 .debug_frame   0x000004b0       0x88 MCAL/FreeRtos/list.o
 .debug_frame   0x00000538       0x84 MCAL/FreeRtos/port.o
 .debug_frame   0x000005bc      0x340 MCAL/FreeRtos/queue.o
 .debug_frame   0x000008fc      0x5c4 MCAL/FreeRtos/tasks.o
 .debug_frame   0x00000ec0       0xf4 MCAL/TIMER0/TIMER0_prog.o
 .debug_frame   0x00000fb4       0x44 MCAL/UART/UART_prog.o

.debug_str      0x00000000     0x189b
 *(.debug_str)
 .debug_str     0x00000000      0x196 C:/Program Files (x86)/Atmel/Studio/7.0/Packs/atmel/ATmega_DFP/1.7.374/gcc/dev/atmega32/avr5/crtatmega32.o
 .debug_str     0x00000196      0x33d APP/main.o
                                0x381 (size before relaxing)
 .debug_str     0x000004d3       0xe0 HAL/LCD/LCD_prog.o
                                0x2f0 (size before relaxing)
 .debug_str     0x000005b3       0x26 MCAL/ADC/ADC_prog.o
                                0x1a3 (size before relaxing)
 .debug_str     0x000005d9       0x87 MCAL/DIO/DIO_prog.o
                                0x21b (size before relaxing)
 .debug_str     0x00000660       0xec MCAL/EXTI/EXTI_prg.o
                                0x252 (size before relaxing)
 .debug_str     0x0000074c      0x17f MCAL/FreeRtos/heap_2.o
                                0x2f2 (size before relaxing)
 .debug_str     0x000008cb      0x12a MCAL/FreeRtos/list.o
                                0x2a9 (size before relaxing)
 .debug_str     0x000009f5      0x124 MCAL/FreeRtos/port.o
                                0x2a2 (size before relaxing)
 .debug_str     0x00000b19      0x501 MCAL/FreeRtos/queue.o
                                0x7ed (size before relaxing)
 .debug_str     0x0000101a      0x7e1 MCAL/FreeRtos/tasks.o
                                0xcb5 (size before relaxing)
 .debug_str     0x000017fb       0x7b MCAL/TIMER0/TIMER0_prog.o
                                0x1f4 (size before relaxing)
 .debug_str     0x00001876       0x25 MCAL/UART/UART_prog.o
                                0x1ab (size before relaxing)

.debug_loc      0x00000000     0x5218
 *(.debug_loc)
 .debug_loc     0x00000000      0x2b2 APP/main.o
 .debug_loc     0x000002b2      0x571 HAL/LCD/LCD_prog.o
 .debug_loc     0x00000823       0x21 MCAL/ADC/ADC_prog.o
 .debug_loc     0x00000844      0x30c MCAL/DIO/DIO_prog.o
 .debug_loc     0x00000b50      0x363 MCAL/EXTI/EXTI_prg.o
 .debug_loc     0x00000eb3      0x2a8 MCAL/FreeRtos/heap_2.o
 .debug_loc     0x0000115b      0x145 MCAL/FreeRtos/list.o
 .debug_loc     0x000012a0      0x2a0 MCAL/FreeRtos/port.o
 .debug_loc     0x00001540     0x1b8d MCAL/FreeRtos/queue.o
 .debug_loc     0x000030cd     0x1f4f MCAL/FreeRtos/tasks.o
 .debug_loc     0x0000501c      0x1fc MCAL/TIMER0/TIMER0_prog.o

.debug_macinfo
 *(.debug_macinfo)

.debug_weaknames
 *(.debug_weaknames)

.debug_funcnames
 *(.debug_funcnames)

.debug_typenames
 *(.debug_typenames)

.debug_varnames
 *(.debug_varnames)

.debug_pubtypes
 *(.debug_pubtypes)

.debug_ranges   0x00000000      0x4f0
 *(.debug_ranges)
 .debug_ranges  0x00000000       0x30 APP/main.o
 .debug_ranges  0x00000030       0x50 HAL/LCD/LCD_prog.o
 .debug_ranges  0x00000080       0x18 MCAL/ADC/ADC_prog.o
 .debug_ranges  0x00000098       0x38 MCAL/DIO/DIO_prog.o
 .debug_ranges  0x000000d0       0x60 MCAL/EXTI/EXTI_prg.o
 .debug_ranges  0x00000130       0x30 MCAL/FreeRtos/heap_2.o
 .debug_ranges  0x00000160       0x30 MCAL/FreeRtos/list.o
 .debug_ranges  0x00000190       0x40 MCAL/FreeRtos/port.o
 .debug_ranges  0x000001d0      0x120 MCAL/FreeRtos/queue.o
 .debug_ranges  0x000002f0      0x1b0 MCAL/FreeRtos/tasks.o
 .debug_ranges  0x000004a0       0x30 MCAL/TIMER0/TIMER0_prog.o
 .debug_ranges  0x000004d0       0x20 MCAL/UART/UART_prog.o

.debug_macro
 *(.debug_macro)
OUTPUT(Test3.elf elf32-avr)
LOAD linker stubs
